Nothing to build in platform 'sha256_test_wrapper'

17:27:39 **** Incremental Build of configuration Debug for project sha_256_test_app ****
make all 
'Building file: ../src/testperiph.c'
'Invoking: MicroBlaze gcc compiler'
mb-gcc -Wall -O0 -g3 -c -fmessage-length=0 -MT"src/testperiph.o" -IC:/Users/maxgr/Projects/Classes/ECE4300/ECE4300-sha256-microblaze/Vitis/sha256_test_wrapper/export/sha256_test_wrapper/sw/sha256_test_wrapper/standalone_microblaze_0/bspinclude/include -mno-xl-reorder -mlittle-endian -mxl-barrel-shift -mxl-pattern-compare -mcpu=v11.0 -mno-xl-soft-mul -Wl,--no-relax -ffunction-sections -fdata-sections -MMD -MP -MF"src/testperiph.d" -MT"src/testperiph.o" -o "src/testperiph.o" "../src/testperiph.c"
'Finished building: ../src/testperiph.c'
' '
'Building target: sha_256_test_app.elf'
'Invoking: MicroBlaze gcc linker'
mb-gcc -Wl,-T -Wl,../src/lscript.ld -LC:/Users/maxgr/Projects/Classes/ECE4300/ECE4300-sha256-microblaze/Vitis/sha256_test_wrapper/export/sha256_test_wrapper/sw/sha256_test_wrapper/standalone_microblaze_0/bsplib/lib -mlittle-endian -mxl-barrel-shift -mxl-pattern-compare -mcpu=v11.0 -mno-xl-soft-mul -Wl,--no-relax -Wl,--gc-sections -o "sha_256_test_app.elf"  ./src/test.o ./src/testperiph.o ./src/xintc_tapp_example.o ./src/xtmrctr_intr_example.o ./src/xtmrctr_selftest_example.o ./src/xuartlite_selftest_example.o   -Wl,--start-group,-lxil,-lgcc,-lc,--end-group
'Finished building target: sha_256_test_app.elf'
' '
'Invoking: MicroBlaze Print Size'
mb-size sha_256_test_app.elf  |tee "sha_256_test_app.elf.size"
   text	   data	    bss	    dec	    hex	filename
  70100	   1748	   3224	  75072	  12540	sha_256_test_app.elf
'Finished building: sha_256_test_app.elf.size'
' '
