Nothing to build in platform 'sha256_test_wrapper'

12:37:07 **** Incremental Build of configuration Debug for project sha_256_test_app ****
make all 
'Building file: ../src/testperiph.c'
'Invoking: MicroBlaze gcc compiler'
mb-gcc -Wall -O0 -g3 -c -fmessage-length=0 -MT"src/testperiph.o" -IC:/Users/maxgr/Projects/Classes/ECE4300/ECE4300-sha256-microblaze/Vitis/sha256_test_wrapper/export/sha256_test_wrapper/sw/sha256_test_wrapper/standalone_microblaze_0/bspinclude/include -mno-xl-reorder -mlittle-endian -mxl-barrel-shift -mxl-pattern-compare -mcpu=v11.0 -mno-xl-soft-mul -Wl,--no-relax -ffunction-sections -fdata-sections -MMD -MP -MF"src/testperiph.d" -MT"src/testperiph.o" -o "src/testperiph.o" "../src/testperiph.c"
../src/testperiph.c: In function 'main':
../src/testperiph.c:48:19: warning: unused variable 'axi_timer_0_Timer' [-Wunused-variable]
   48 |    static XTmrCtr axi_timer_0_Timer;
      |                   ^~~~~~~~~~~~~~~~~
../src/testperiph.c:47:17: warning: unused variable 'intc' [-Wunused-variable]
   47 |    static XIntc intc;
      |                 ^~~~
../src/testperiph.c: In function 'sha256_hw_try':
../src/testperiph.c:107:9: warning: this 'if' clause does not guard... [-Wmisleading-indentation]
  107 |         if (return_status == XST_FAILURE)
      |         ^~
../src/testperiph.c:109:17: note: ...this statement, but the latter is misleadingly indented as if it were guarded by the 'if'
  109 |                 return -1;
      |                 ^~~~~~
../src/testperiph.c: At top level:
../src/testperiph.c:47:17: warning: 'intc' defined but not used [-Wunused-variable]
   47 |    static XIntc intc;
      |                 ^~~~
../src/testperiph.c:48:19: warning: 'axi_timer_0_Timer' defined but not used [-Wunused-variable]
   48 |    static XTmrCtr axi_timer_0_Timer;
      |                   ^~~~~~~~~~~~~~~~~
'Finished building: ../src/testperiph.c'
' '
'Building target: sha_256_test_app.elf'
'Invoking: MicroBlaze gcc linker'
mb-gcc -Wl,-T -Wl,../src/lscript.ld -LC:/Users/maxgr/Projects/Classes/ECE4300/ECE4300-sha256-microblaze/Vitis/sha256_test_wrapper/export/sha256_test_wrapper/sw/sha256_test_wrapper/standalone_microblaze_0/bsplib/lib -mlittle-endian -mxl-barrel-shift -mxl-pattern-compare -mcpu=v11.0 -mno-xl-soft-mul -Wl,--no-relax -Wl,--gc-sections -o "sha_256_test_app.elf"  ./src/testperiph.o ./src/xintc_tapp_example.o ./src/xtmrctr_intr_example.o ./src/xtmrctr_selftest_example.o ./src/xuartlite_selftest_example.o   -Wl,--start-group,-lxil,-lgcc,-lc,--end-group
'Finished building target: sha_256_test_app.elf'
' '
'Invoking: MicroBlaze Print Size'
mb-size sha_256_test_app.elf  |tee "sha_256_test_app.elf.size"
   text	   data	    bss	    dec	    hex	filename
   2404	    324	   3112	   5840	   16d0	sha_256_test_app.elf
'Finished building: sha_256_test_app.elf.size'
' '
